 Zs [ohm] =             (0.69991297648537032,-0.69991297648537032)
 Zs [ohm] =             (0.69991297648537032,-0.69991297648537032)
 Zs [ohm] =             (0.69991297648537032,-0.69991297648537032)
 Zs [ohm] =             (0.69991297648537032,-0.69991297648537032)
H-matrix building: 7304 blocks, 9.9 MiB
H-matrix building: 10727 blocks, 16.1 MiB
H-matrix building: 13174 blocks, 20.6 MiB
H-matrix building: 16422 blocks, 27.2 MiB
H-matrix {"low_rank_blocks": 581, "direct_blocks": 19957, "zero_blocks": 2, "certified_norm2": 650.5962221133292, "certified_error2": 9.712711018865753e-06, "stored_bytes": 35219232, "cache_loaded": false, "build_seconds": 46.31506428300054, "scalar_kernel_evaluations": 33886800, "near_plan_bytes": 1369412}
 Zs [ohm] =             (0.69991297648537032,-0.69991297648537032)
 Zs [ohm] =             (0.69991297648537032,-0.69991297648537032)
 Zs [ohm] =             (0.69991297648537032,-0.69991297648537032)
H-matrix {"low_rank_blocks": 581, "direct_blocks": 19957, "zero_blocks": 2, "certified_norm2": 650.5962221133292, "certified_error2": 9.712711018865753e-06, "stored_bytes": 35219232, "cache_loaded": true, "build_seconds": 46.31506428300054, "scalar_kernel_evaluations": 33886800, "near_plan_bytes": 1369412}
H-matrix building: 6853 blocks, 8.1 MiB
H-matrix building: 9783 blocks, 13.1 MiB
H-matrix building: 12245 blocks, 16.5 MiB
H-matrix building: 15013 blocks, 19.9 MiB
H-matrix building: 18571 blocks, 26.1 MiB
H-matrix {"low_rank_blocks": 484, "direct_blocks": 20823, "zero_blocks": 2, "certified_norm2": 272.0647292032495, "certified_error2": 3.262414721715692e-11, "stored_bytes": 31083808, "cache_loaded": false, "build_seconds": 53.735902132000774, "scalar_kernel_evaluations": 36181248, "near_plan_bytes": 1428300}
 Zs [ohm] =             (0.69991297648537032,-0.69991297648537032)
 Zs [ohm] =             (0.69991297648537032,-0.69991297648537032)
 Zs [ohm] =             (0.69991297648537032,-0.69991297648537032)
H-matrix {"low_rank_blocks": 484, "direct_blocks": 20823, "zero_blocks": 2, "certified_norm2": 272.0647292032495, "certified_error2": 3.262414721715692e-11, "stored_bytes": 31083808, "cache_loaded": true, "build_seconds": 53.735902132000774, "scalar_kernel_evaluations": 36181248, "near_plan_bytes": 1428300}
[
  {
    "Q": 512,
    "threads": "2",
    "settings": {
      "tol": 0.001,
      "leaf": 8,
      "max_rank": 32,
      "eta": 3,
      "phase_limit": 24,
      "memory_mib": 512
    },
    "setup_wall_seconds": 47.40134782102541,
    "stats": {
      "low_rank_blocks": 581,
      "direct_blocks": 19957,
      "zero_blocks": 2,
      "certified_norm2": 650.5962221133292,
      "certified_error2": 9.712711018865753e-06,
      "stored_bytes": 35219232,
      "cache_loaded": false,
      "build_seconds": 46.31506428300054,
      "scalar_kernel_evaluations": 33886800,
      "near_plan_bytes": 1369412
    },
    "direct_step_seconds": [
      0.35537944600218907,
      0.35708457400323823,
      0.3441069620021153
    ],
    "hm_apply_seconds": [
      0.3113802070147358,
      0.3141517339972779,
      0.32962061098078266
    ],
    "hm_step_including_fields_seconds": [
      0.34795750901685096,
      0.34784193299128674,
      0.36932539599365555
    ],
    "errors": [
      {
        "order": 1,
        "j": 1.586778767459585e-05,
        "e": 1.6192205327237434e-05,
        "jsum": 1.5829495361914083e-05,
        "esum": 1.5882074974580683e-05
      },
      {
        "order": 2,
        "j": 2.1685878756129187e-05,
        "e": 2.211173345218185e-05,
        "jsum": 2.1385421000278587e-05,
        "esum": 2.1613667491350385e-05
      },
      {
        "order": 3,
        "j": 2.5618952755945577e-05,
        "e": 2.6893351963831305e-05,
        "jsum": 2.5287248073802047e-05,
        "esum": 2.7083850348135573e-05
      }
    ]
  },
  {
    "Q": 512,
    "threads": "2",
    "settings": {
      "tol": 1e-05,
      "leaf": 8,
      "max_rank": 32,
      "eta": 3,
      "phase_limit": 24,
      "memory_mib": 512
    },
    "setup_wall_seconds": 54.892093322996516,
    "stats": {
      "low_rank_blocks": 484,
      "direct_blocks": 20823,
      "zero_blocks": 2,
      "certified_norm2": 272.0647292032495,
      "certified_error2": 3.262414721715692e-11,
      "stored_bytes": 31083808,
      "cache_loaded": false,
      "build_seconds": 53.735902132000774,
      "scalar_kernel_evaluations": 36181248,
      "near_plan_bytes": 1428300
    },
    "direct_step_seconds": [
      0.35537944600218907,
      0.35708457400323823,
      0.3441069620021153
    ],
    "hm_apply_seconds": [
      0.32639998200465925,
      0.3174193650193047,
      0.30989166401559487
    ],
    "hm_step_including_fields_seconds": [
      0.3611951330094598,
      0.3526077550195623,
      0.34341249699355103
    ],
    "errors": [
      {
        "order": 1,
        "j": 1.7656667043421434e-08,
        "e": 2.481751826134018e-08,
        "jsum": 1.7614057788259385e-08,
        "esum": 2.4342186734258332e-08
      },
      {
        "order": 2,
        "j": 3.5657684950163417e-08,
        "e": 4.207910265248779e-08,
        "jsum": 3.464957596924136e-08,
        "esum": 3.949631541283861e-08
      },
      {
        "order": 3,
        "j": 5.091709099472252e-08,
        "e": 6.130926403850403e-08,
        "jsum": 4.941430371455244e-08,
        "esum": 6.004830156137969e-08
      }
    ]
  }
]
 Zs [ohm] =             (0.69991297648537032,-0.69991297648537032)
 Zs [ohm] =             (0.69991297648537032,-0.69991297648537032)
